---
source: tests/snapshots.rs
expression: rendered
---
Found 7 session(s)

┌─────────────────────────┬────────┬──────┬────────┬──────────────────┬────────────────────────┐
│[1m ID                      [0m┆[1m SOURCE [0m┆[1m MSGS [0m┆[1m TOKENS [0m┆[1m UPDATED          [0m┆[1m TITLE                  [0m│
╞═════════════════════════╪════════╪══════╪════════╪══════════════════╪════════════════════════╡
│ 5ba7ed00-1111-4222-8333 ┆[38;5;14m agent  [39m┆ 2    ┆ 11     ┆[38;5;8m 2025-09-09 06:42 [39m┆ Shared session from t… │
│ d00dfeed-0000-4000-8000 ┆[38;5;13m ide    [39m┆ 2    ┆ 20     ┆[38;5;8m 2025-09-09 02:53 [39m┆ データパイプラインの…  │
│ e1e10000-5555-4666-8777 ┆[38;5;13m ide    [39m┆ 0    ┆ 0      ┆[38;5;8m 2025-09-07 13:00 [39m┆ Untitled               │
│ c0ffee00-0000-4000-8000 ┆[38;5;13m ide    [39m┆ 3    ┆ 32     ┆[38;5;8m 2025-09-07 00:06 [39m┆ Dynamic table proposal │
│ 7b1e0c55-9d2a-4c4e-8f61 ┆[38;5;14m agent  [39m┆ 2    ┆ 20     ┆[38;5;8m 2025-09-05 19:20 [39m┆ Fix flaky CI on Windo… │
│ f4eea6d2-d2d3-41ad-b290 ┆[38;5;14m agent  [39m┆ 4    ┆ 41     ┆[38;5;8m 2025-09-04 16:33 [39m┆ Langfuse Semantic Lay… │
│ 0a1b2c3d-4e5f-4061-8728 ┆[38;5;14m agent  [39m┆ 2    ┆ 14     ┆[38;5;8m —                [39m┆ 0a1b2c3d-4e5f-4061-87… │
└─────────────────────────┴────────┴──────┴────────┴──────────────────┴────────────────────────┘
[2mIDs shortened to 23 chars; `show` accepts a prefix.[0m
