---
source: tests/snapshots.rs
expression: rendered
---
Found 7 session(s)

┌───────────────────────────────┬────────┬──────┬──────────────────┬───────────────────────────────┐
│[1m ID                            [0m┆[1m SOURCE [0m┆[1m MSGS [0m┆[1m UPDATED          [0m┆[1m TITLE                         [0m│
╞═══════════════════════════════╪════════╪══════╪══════════════════╪═══════════════════════════════╡
│ 5ba7ed00-1111-4222-8333-44445 ┆[38;5;14m agent  [39m┆ 2    ┆[38;5;8m 2025-09-09 06:42 [39m┆ Shared session f…             │
│ 5556666                       ┆        ┆      ┆                  ┆                               │
│ d00dfeed-0000-4000-8000-00000 ┆[38;5;13m ide    [39m┆ 2    ┆[38;5;8m 2025-09-09 02:53 [39m┆ データパイプラインの再設計レ  │
│ 0000002                       ┆        ┆      ┆                  ┆ ビュ…                         │
│ e1e10000-5555-4666-8777-88889 ┆[38;5;13m ide    [39m┆ 0    ┆[38;5;8m 2025-09-07 13:00 [39m┆ Untitled                      │
│ 9990000                       ┆        ┆      ┆                  ┆                               │
│ c0ffee00-0000-4000-8000-00000 ┆[38;5;13m ide    [39m┆ 3    ┆[38;5;8m 2025-09-07 00:06 [39m┆ Dynamic table pr…             │
│ 0000001                       ┆        ┆      ┆                  ┆                               │
│ 7b1e0c55-9d2a-4c4e-8f61-2a3b4 ┆[38;5;14m agent  [39m┆ 2    ┆[38;5;8m 2025-09-05 19:20 [39m┆ Fix flaky CI on …             │
│ c5d6e7f                       ┆        ┆      ┆                  ┆                               │
│ f4eea6d2-d2d3-41ad-b290-82444 ┆[38;5;14m agent  [39m┆ 4    ┆[38;5;8m 2025-09-04 16:33 [39m┆ Langfuse Semanti…             │
│ 5295a15                       ┆        ┆      ┆                  ┆                               │
│ 0a1b2c3d-4e5f-4061-8728-394a5 ┆[38;5;14m agent  [39m┆ 2    ┆[38;5;8m —                [39m┆ 0a1b2c3d-4e5f-40…             │
│ b6c7d8e                       ┆        ┆      ┆                  ┆                               │
└───────────────────────────────┴────────┴──────┴──────────────────┴───────────────────────────────┘
