---
source: tests/snapshots.rs
expression: rendered
---
Found 7 session(s)

┌───────────────────────────────┬────────┬──────┬──────────────────┬───────────────────────────────┐
│ ID                            ┆ SOURCE ┆ MSGS ┆ UPDATED          ┆ TITLE                         │
╞═══════════════════════════════╪════════╪══════╪══════════════════╪═══════════════════════════════╡
│ 5ba7ed00-1111-4222-8333-44445 ┆ agent  ┆ 2    ┆ 2025-09-09 06:42 ┆ Shared session f…             │
│ 5556666                       ┆        ┆      ┆                  ┆                               │
│ d00dfeed-0000-4000-8000-00000 ┆ ide    ┆ 2    ┆ 2025-09-09 02:53 ┆ データパイプラインの再設計レ  │
│ 0000002                       ┆        ┆      ┆                  ┆ ビュ…                         │
│ e1e10000-5555-4666-8777-88889 ┆ ide    ┆ 0    ┆ 2025-09-07 13:00 ┆ Untitled                      │
│ 9990000                       ┆        ┆      ┆                  ┆                               │
│ c0ffee00-0000-4000-8000-00000 ┆ ide    ┆ 3    ┆ 2025-09-07 00:06 ┆ Dynamic table pr…             │
│ 0000001                       ┆        ┆      ┆                  ┆                               │
│ 7b1e0c55-9d2a-4c4e-8f61-2a3b4 ┆ agent  ┆ 2    ┆ 2025-09-05 19:20 ┆ Fix flaky CI on …             │
│ c5d6e7f                       ┆        ┆      ┆                  ┆                               │
│ f4eea6d2-d2d3-41ad-b290-82444 ┆ agent  ┆ 4    ┆ 2025-09-04 16:33 ┆ Langfuse Semanti…             │
│ 5295a15                       ┆        ┆      ┆                  ┆                               │
│ 0a1b2c3d-4e5f-4061-8728-394a5 ┆ agent  ┆ 2    ┆ —                ┆ 0a1b2c3d-4e5f-40…             │
│ b6c7d8e                       ┆        ┆      ┆                  ┆                               │
└───────────────────────────────┴────────┴──────┴──────────────────┴───────────────────────────────┘
