---
source: tests/snapshots.rs
expression: rendered
---
Found 7 session(s)

┌──────────────────────────────────────┬────────┬──────┬──────────────────┬──────────────────────────────────────┐
│ ID                                   ┆ SOURCE ┆ MSGS ┆ UPDATED          ┆ TITLE                                │
╞══════════════════════════════════════╪════════╪══════╪══════════════════╪══════════════════════════════════════╡
│ 5ba7ed00-1111-4222-8333-444455556666 ┆ agent  ┆ 2    ┆ 2025-09-09 06:42 ┆ Shared session from the agent        │
│ d00dfeed-0000-4000-8000-000000000002 ┆ ide    ┆ 2    ┆ 2025-09-09 02:53 ┆ データパイプラインの再設計レビュー … │
│ e1e10000-5555-4666-8777-888899990000 ┆ ide    ┆ 0    ┆ 2025-09-07 13:00 ┆ Untitled                             │
│ c0ffee00-0000-4000-8000-000000000001 ┆ ide    ┆ 3    ┆ 2025-09-07 00:06 ┆ Dynamic table proposal               │
│ 7b1e0c55-9d2a-4c4e-8f61-2a3b4c5d6e7f ┆ agent  ┆ 2    ┆ 2025-09-05 19:20 ┆ Fix flaky CI on Windows              │
│ f4eea6d2-d2d3-41ad-b290-824445295a15 ┆ agent  ┆ 4    ┆ 2025-09-04 16:33 ┆ Langfuse Semantic Layer              │
│ 0a1b2c3d-4e5f-4061-8728-394a5b6c7d8e ┆ agent  ┆ 2    ┆ —                ┆ 0a1b2c3d-4e5f-4061-8728-394a5b6c7d8e │
└──────────────────────────────────────┴────────┴──────┴──────────────────┴──────────────────────────────────────┘
